// Jest Snapshot v1, https://goo.gl/fbAQLP

exports[`MyListPage correctly renders default markup 1`] = `
<div
  className="user-page"
>
  <header
    className="page-header user-page__head"
  >
    <div
      className="logo"
    >
      <a
        className="logo__link"
        href="/"
        onClick={[Function]}
      >
        <span
          className="logo__letter logo__letter--1"
        >
          W
        </span>
        <span
          className="logo__letter logo__letter--2"
        >
          T
        </span>
        <span
          className="logo__letter logo__letter--3"
        >
          W
        </span>
      </a>
    </div>
    <h1
      className="page-title user-page__title"
    >
      My list
    </h1>
    <div
      className="user-block"
    >
      <a
        className="user-block__link"
        href="/login"
        onClick={[Function]}
      >
        Sign in
      </a>
    </div>
  </header>
  <section
    className="catalog"
  >
    <h2
      className="catalog__title visually-hidden"
    >
      Catalog
    </h2>
    <div
      className="catalog__movies-list"
    >
      <article
        className="small-movie-card catalog__movies-card"
        id="movie-1"
        onMouseEnter={[Function]}
        onMouseLeave={[Function]}
      >
        <a
          className="small-movie-card__link"
          href="/film/1"
          onClick={[Function]}
        >
          <div
            className="small-movie-card__image"
          >
            <video
              height={175}
              muted={true}
              onCanPlayThrough={[Function]}
              onEnded={[Function]}
              onLoadStart={[Function]}
              onPause={[Function]}
              onTimeUpdate={[Function]}
              poster="https://es31-server.appspot.com/wtw/static/film/preview/midnight-special.jpg"
              preload="none"
              src="http://peach.themazzone.com/durian/movies/sintel-1024-surround.mp4"
              width={280}
            />
          </div>
          <h3
            className="small-movie-card__title"
          >
            Midnight Special
          </h3>
        </a>
      </article>
      <article
        className="small-movie-card catalog__movies-card"
        id="movie-2"
        onMouseEnter={[Function]}
        onMouseLeave={[Function]}
      >
        <a
          className="small-movie-card__link"
          href="/film/2"
          onClick={[Function]}
        >
          <div
            className="small-movie-card__image"
          >
            <video
              height={175}
              muted={true}
              onCanPlayThrough={[Function]}
              onEnded={[Function]}
              onLoadStart={[Function]}
              onPause={[Function]}
              onTimeUpdate={[Function]}
              poster="https://es31-server.appspot.com/wtw/static/film/preview/pulp-fiction.jpg"
              preload="none"
              src="http://peach.themazzone.com/durian/movies/sintel-1024-surround.mp4"
              width={280}
            />
          </div>
          <h3
            className="small-movie-card__title"
          >
            Pulp Fiction
          </h3>
        </a>
      </article>
      <article
        className="small-movie-card catalog__movies-card"
        id="movie-3"
        onMouseEnter={[Function]}
        onMouseLeave={[Function]}
      >
        <a
          className="small-movie-card__link"
          href="/film/3"
          onClick={[Function]}
        >
          <div
            className="small-movie-card__image"
          >
            <video
              height={175}
              muted={true}
              onCanPlayThrough={[Function]}
              onEnded={[Function]}
              onLoadStart={[Function]}
              onPause={[Function]}
              onTimeUpdate={[Function]}
              poster="https://es31-server.appspot.com/wtw/static/film/preview/bronson.jpg"
              preload="none"
              src="http://media.xiph.org/mango/tears_of_steel_1080p.webm"
              width={280}
            />
          </div>
          <h3
            className="small-movie-card__title"
          >
            Bronson
          </h3>
        </a>
      </article>
      <article
        className="small-movie-card catalog__movies-card"
        id="movie-4"
        onMouseEnter={[Function]}
        onMouseLeave={[Function]}
      >
        <a
          className="small-movie-card__link"
          href="/film/4"
          onClick={[Function]}
        >
          <div
            className="small-movie-card__image"
          >
            <video
              height={175}
              muted={true}
              onCanPlayThrough={[Function]}
              onEnded={[Function]}
              onLoadStart={[Function]}
              onPause={[Function]}
              onTimeUpdate={[Function]}
              poster="https://es31-server.appspot.com/wtw/static/film/preview/what-we-do-in-the-shadows.jpg"
              preload="none"
              src="http://peach.themazzone.com/durian/movies/sintel-1024-surround.mp4"
              width={280}
            />
          </div>
          <h3
            className="small-movie-card__title"
          >
            What We Do in the Shadows
          </h3>
        </a>
      </article>
      <article
        className="small-movie-card catalog__movies-card"
        id="movie-5"
        onMouseEnter={[Function]}
        onMouseLeave={[Function]}
      >
        <a
          className="small-movie-card__link"
          href="/film/5"
          onClick={[Function]}
        >
          <div
            className="small-movie-card__image"
          >
            <video
              height={175}
              muted={true}
              onCanPlayThrough={[Function]}
              onEnded={[Function]}
              onLoadStart={[Function]}
              onPause={[Function]}
              onTimeUpdate={[Function]}
              poster="https://es31-server.appspot.com/wtw/static/film/preview/fantastic-beasts-the-crimes-of-grindelwald.jpg"
              preload="none"
              src="http://peach.themazzone.com/durian/movies/sintel-1024-surround.mp4"
              width={280}
            />
          </div>
          <h3
            className="small-movie-card__title"
          >
            Fantastic Beasts: The Crimes of Grindelwald
          </h3>
        </a>
      </article>
    </div>
  </section>
  <footer
    className="page-footer"
  >
    <div
      className="logo"
    >
      <a
        className="logo__link logo__link--light"
        href="/"
        onClick={[Function]}
      >
        <span
          className="logo__letter logo__letter--1"
        >
          W
        </span>
        <span
          className="logo__letter logo__letter--2"
        >
          T
        </span>
        <span
          className="logo__letter logo__letter--3"
        >
          W
        </span>
      </a>
    </div>
    <div
      className="copyright"
    >
      <p>
        Â© 2019 What to watch Ltd.
      </p>
    </div>
  </footer>
</div>
`;
