// Jest Snapshot v1, https://goo.gl/fbAQLP

exports[`MainPage correctly renders default markup 1`] = `
Array [
  <section
    className="movie-card"
    style={
      Object {
        "background": "#9B7E61",
      }
    }
  >
    <header
      className="page-header movie-card__head"
    >
      <div
        className="logo"
      >
        <a
          className="logo__link"
          href="/"
          onClick={[Function]}
        >
          <span
            className="logo__letter logo__letter--1"
          >
            W
          </span>
          <span
            className="logo__letter logo__letter--2"
          >
            T
          </span>
          <span
            className="logo__letter logo__letter--3"
          >
            W
          </span>
        </a>
      </div>
      <div
        className="movie-card__bg"
      >
        <img
          alt="War of the Worlds"
          src="https://es31-server.appspot.com/wtw/static/film/background/War_of_the_Worlds.jpg"
        />
      </div>
      <h1
        className="page-title visually-hidden"
      >
        WTW
      </h1>
      <div
        className="user-block"
      >
        <a
          className="user-block__link"
          href="/login"
          onClick={[Function]}
        >
          Sign in
        </a>
      </div>
    </header>
    <div
      className="movie-card__wrap"
    >
      <div
        className="movie-card__info"
      >
        <div
          className="movie-card__poster"
        >
          <img
            alt="War of the Worlds"
            height="327"
            src="https://es31-server.appspot.com/wtw/static/film/poster/War_of_the_Worlds.jpg"
            width="218"
          />
        </div>
        <div
          className="movie-card__desc"
        >
          <h2
            className="movie-card__title"
          >
            War of the Worlds
          </h2>
          <p
            className="movie-card__meta"
          >
            <span
              className="movie-card__genre"
            >
              Adventure
            </span>
            <span
              className="movie-card__year"
            >
              2005
            </span>
          </p>
          <div
            className="movie-card__buttons"
          >
            <a
              className="btn btn--play movie-card__button"
              href="/film/1/player"
              onClick={[Function]}
            >
              <svg
                height={19}
                viewBox="0 0 19 19"
                width={19}
              >
                <use
                  xlinkHref="#play-s"
                />
              </svg>
              <span>
                Play
              </span>
            </a>
            <button
              className="btn btn--list movie-card__button"
              type="button"
            >
              <svg
                height={20}
                viewBox="0 0 19 20"
                width={19}
              >
                <use
                  xlinkHref="#add"
                />
              </svg>
              <span>
                My list
              </span>
            </button>
          </div>
        </div>
      </div>
    </div>
  </section>,
  <div
    className="page-content"
  >
    <section
      className="catalog"
    >
      <h2
        className="catalog__title visually-hidden"
      >
        Catalog
      </h2>
      <ul
        className="catalog__genres-list"
      >
        <li
          className="catalog__genres-item "
        >
          <a
            className="catalog__genres-link"
            onClick={[Function]}
          >
            All Genres
          </a>
        </li>
        <li
          className="catalog__genres-item "
        >
          <a
            className="catalog__genres-link"
            onClick={[Function]}
          >
            Genre #1
          </a>
        </li>
        <li
          className="catalog__genres-item "
        >
          <a
            className="catalog__genres-link"
            onClick={[Function]}
          >
            Genre #2
          </a>
        </li>
      </ul>
      <div
        className="catalog__movies-list"
      >
        <article
          className="small-movie-card catalog__movies-card"
          id="movie-11"
          onMouseEnter={[Function]}
          onMouseLeave={[Function]}
        >
          <div
            className="small-movie-card__image"
          >
            <video
              height={175}
              muted={true}
              onCanPlayThrough={[Function]}
              onEnded={[Function]}
              onLoadStart={[Function]}
              onPause={[Function]}
              onTimeUpdate={[Function]}
              poster="https://es31-server.appspot.com/wtw/static/film/preview/war-of-the-worlds.jpg"
              preload="none"
              src="http://media.xiph.org/mango/tears_of_steel_1080p.webm"
              width={280}
            />
          </div>
          <h3
            className="small-movie-card__title"
          >
            <a
              className="small-movie-card__link"
              href="/film/11"
              onClick={[Function]}
            >
              War of the Worlds
            </a>
          </h3>
        </article>
        <article
          className="small-movie-card catalog__movies-card"
          id="movie-22"
          onMouseEnter={[Function]}
          onMouseLeave={[Function]}
        >
          <div
            className="small-movie-card__image"
          >
            <video
              height={175}
              muted={true}
              onCanPlayThrough={[Function]}
              onEnded={[Function]}
              onLoadStart={[Function]}
              onPause={[Function]}
              onTimeUpdate={[Function]}
              poster="https://es31-server.appspot.com/wtw/static/film/preview/war-of-the-worlds.jpg"
              preload="none"
              src="http://media.xiph.org/mango/tears_of_steel_1080p.webm"
              width={280}
            />
          </div>
          <h3
            className="small-movie-card__title"
          >
            <a
              className="small-movie-card__link"
              href="/film/22"
              onClick={[Function]}
            >
              War of the Worlds
            </a>
          </h3>
        </article>
      </div>
    </section>
    <footer
      className="page-footer"
    >
      <div
        className="logo"
      >
        <a
          className="logo__link logo__link--light"
          href="/"
          onClick={[Function]}
        >
          <span
            className="logo__letter logo__letter--1"
          >
            W
          </span>
          <span
            className="logo__letter logo__letter--2"
          >
            T
          </span>
          <span
            className="logo__letter logo__letter--3"
          >
            W
          </span>
        </a>
      </div>
      <div
        className="copyright"
      >
        <p>
          Â© 2019 What to watch Ltd.
        </p>
      </div>
    </footer>
  </div>,
]
`;
