// Jest Snapshot v1, https://goo.gl/fbAQLP

exports[`Loading correctly renders default markup 1`] = `
<div
  className="loading"
>
  <div
    className="loading__spin"
  />
</div>
`;
